---
source: hexagon_logic/src/board.rs
assertion_line: 215
expression: options
---
[
    MoveOption {
        pos: Position {
            y: 5,
            x: 5,
        },
        action: Move,
    },
    MoveOption {
        pos: Position {
            y: 5,
            x: 6,
        },
        action: Move,
    },
    MoveOption {
        pos: Position {
            y: 5,
            x: 7,
        },
        action: Move,
    },
    MoveOption {
        pos: Position {
            y: 5,
            x: 8,
        },
        action: Move,
    },
    MoveOption {
        pos: Position {
            y: 5,
            x: 9,
        },
        action: Move,
    },
    MoveOption {
        pos: Position {
            y: 5,
            x: 10,
        },
        action: Move,
    },
    MoveOption {
        pos: Position {
            y: 5,
            x: 3,
        },
        action: Move,
    },
    MoveOption {
        pos: Position {
            y: 5,
            x: 2,
        },
        action: Move,
    },
    MoveOption {
        pos: Position {
            y: 5,
            x: 1,
        },
        action: Move,
    },
    MoveOption {
        pos: Position {
            y: 5,
            x: 0,
        },
        action: Move,
    },
    MoveOption {
        pos: Position {
            y: 4,
            x: 5,
        },
        action: Move,
    },
    MoveOption {
        pos: Position {
            y: 3,
            x: 6,
        },
        action: Move,
    },
    MoveOption {
        pos: Position {
            y: 2,
            x: 7,
        },
        action: Move,
    },
    MoveOption {
        pos: Position {
            y: 1,
            x: 8,
        },
        action: Move,
    },
    MoveOption {
        pos: Position {
            y: 0,
            x: 9,
        },
        action: Move,
    },
    MoveOption {
        pos: Position {
            y: 6,
            x: 3,
        },
        action: Move,
    },
    MoveOption {
        pos: Position {
            y: 7,
            x: 2,
        },
        action: Move,
    },
    MoveOption {
        pos: Position {
            y: 8,
            x: 1,
        },
        action: Move,
    },
    MoveOption {
        pos: Position {
            y: 9,
            x: 0,
        },
        action: Move,
    },
    MoveOption {
        pos: Position {
            y: 6,
            x: 4,
        },
        action: Move,
    },
    MoveOption {
        pos: Position {
            y: 7,
            x: 4,
        },
        action: Move,
    },
    MoveOption {
        pos: Position {
            y: 8,
            x: 4,
        },
        action: Move,
    },
    MoveOption {
        pos: Position {
            y: 9,
            x: 4,
        },
        action: Move,
    },
    MoveOption {
        pos: Position {
            y: 10,
            x: 4,
        },
        action: Move,
    },
    MoveOption {
        pos: Position {
            y: 4,
            x: 4,
        },
        action: Move,
    },
    MoveOption {
        pos: Position {
            y: 3,
            x: 4,
        },
        action: Move,
    },
    MoveOption {
        pos: Position {
            y: 2,
            x: 4,
        },
        action: Move,
    },
    MoveOption {
        pos: Position {
            y: 1,
            x: 4,
        },
        action: Move,
    },
    MoveOption {
        pos: Position {
            y: 6,
            x: 5,
        },
        action: Move,
    },
    MoveOption {
        pos: Position {
            y: 7,
            x: 6,
        },
        action: Move,
    },
    MoveOption {
        pos: Position {
            y: 8,
            x: 7,
        },
        action: Move,
    },
    MoveOption {
        pos: Position {
            y: 4,
            x: 3,
        },
        action: Move,
    },
    MoveOption {
        pos: Position {
            y: 3,
            x: 2,
        },
        action: Move,
    },
    MoveOption {
        pos: Position {
            y: 4,
            x: 6,
        },
        action: Move,
    },
    MoveOption {
        pos: Position {
            y: 3,
            x: 8,
        },
        action: Move,
    },
    MoveOption {
        pos: Position {
            y: 2,
            x: 10,
        },
        action: Move,
    },
    MoveOption {
        pos: Position {
            y: 6,
            x: 2,
        },
        action: Move,
    },
    MoveOption {
        pos: Position {
            y: 7,
            x: 0,
        },
        action: Move,
    },
    MoveOption {
        pos: Position {
            y: 7,
            x: 3,
        },
        action: Move,
    },
    MoveOption {
        pos: Position {
            y: 9,
            x: 2,
        },
        action: Move,
    },
    MoveOption {
        pos: Position {
            y: 3,
            x: 5,
        },
        action: Move,
    },
    MoveOption {
        pos: Position {
            y: 1,
            x: 6,
        },
        action: Move,
    },
]
