---
source: hexagon_logic/src/board.rs
expression: options
---
[
    GameMove {
        piece: Piece {
            piece_type: Pawn,
            side: White,
        },
        origin: Position {
            y: 5,
            x: 4,
        },
        destination: Position {
            y: 5,
            x: 5,
        },
        action: Move,
    },
    GameMove {
        piece: Piece {
            piece_type: Pawn,
            side: White,
        },
        origin: Position {
            y: 5,
            x: 4,
        },
        destination: Position {
            y: 5,
            x: 5,
        },
        action: Move,
    },
    GameMove {
        piece: Piece {
            piece_type: Pawn,
            side: White,
        },
        origin: Position {
            y: 5,
            x: 5,
        },
        destination: Position {
            y: 5,
            x: 6,
        },
        action: Move,
    },
]
