---
source: hexagon_logic/src/board.rs
assertion_line: 261
expression: options
---
[
    MoveOption {
        pos: Position {
            y: 5,
            x: 5,
        },
        action: Move,
    },
    MoveOption {
        pos: Position {
            y: 5,
            x: 5,
        },
        action: Move,
    },
    MoveOption {
        pos: Position {
            y: 5,
            x: 6,
        },
        action: Move,
    },
    MoveOption {
        pos: Position {
            y: 6,
            x: 4,
        },
        action: Capture {
            piece_type: Bishop,
        },
    },
    MoveOption {
        pos: Position {
            y: 4,
            x: 5,
        },
        action: Capture {
            piece_type: Queen,
        },
    },
]
