---
source: hexagon_logic/src/board.rs
expression: options
---
[
    GameMove {
        piece: Piece {
            piece_type: King,
            side: Black,
        },
        origin: Position {
            y: 5,
            x: 4,
        },
        destination: Position {
            y: 5,
            x: 5,
        },
        action: Move,
    },
    GameMove {
        piece: Piece {
            piece_type: King,
            side: Black,
        },
        origin: Position {
            y: 5,
            x: 4,
        },
        destination: Position {
            y: 5,
            x: 3,
        },
        action: Move,
    },
    GameMove {
        piece: Piece {
            piece_type: King,
            side: Black,
        },
        origin: Position {
            y: 5,
            x: 4,
        },
        destination: Position {
            y: 4,
            x: 5,
        },
        action: Move,
    },
    GameMove {
        piece: Piece {
            piece_type: King,
            side: Black,
        },
        origin: Position {
            y: 5,
            x: 4,
        },
        destination: Position {
            y: 6,
            x: 3,
        },
        action: Move,
    },
    GameMove {
        piece: Piece {
            piece_type: King,
            side: Black,
        },
        origin: Position {
            y: 5,
            x: 4,
        },
        destination: Position {
            y: 6,
            x: 4,
        },
        action: Move,
    },
    GameMove {
        piece: Piece {
            piece_type: King,
            side: Black,
        },
        origin: Position {
            y: 5,
            x: 4,
        },
        destination: Position {
            y: 4,
            x: 4,
        },
        action: Move,
    },
    GameMove {
        piece: Piece {
            piece_type: King,
            side: Black,
        },
        origin: Position {
            y: 5,
            x: 4,
        },
        destination: Position {
            y: 6,
            x: 5,
        },
        action: Move,
    },
    GameMove {
        piece: Piece {
            piece_type: King,
            side: Black,
        },
        origin: Position {
            y: 5,
            x: 4,
        },
        destination: Position {
            y: 4,
            x: 3,
        },
        action: Move,
    },
    GameMove {
        piece: Piece {
            piece_type: King,
            side: Black,
        },
        origin: Position {
            y: 5,
            x: 4,
        },
        destination: Position {
            y: 4,
            x: 6,
        },
        action: Move,
    },
    GameMove {
        piece: Piece {
            piece_type: King,
            side: Black,
        },
        origin: Position {
            y: 5,
            x: 4,
        },
        destination: Position {
            y: 6,
            x: 2,
        },
        action: Move,
    },
    GameMove {
        piece: Piece {
            piece_type: King,
            side: Black,
        },
        origin: Position {
            y: 5,
            x: 4,
        },
        destination: Position {
            y: 7,
            x: 3,
        },
        action: Move,
    },
    GameMove {
        piece: Piece {
            piece_type: King,
            side: Black,
        },
        origin: Position {
            y: 5,
            x: 4,
        },
        destination: Position {
            y: 3,
            x: 5,
        },
        action: Move,
    },
]
